  SportsData.Shared -> C:\Users\IT\source\repos\Nashra\src\Shared\SportsData.Shared\bin\Debug\net9.0\SportsData.Shared.dll
C:\Users\IT\source\repos\Nashra\src\Modules\ApiKeys\Domain\ApiUsageLog.cs(14,17): warning CS8618: Non-nullable property 'Endpoint' must contain a non-null value when exiting constructor. Consider adding the 'required' modifier or declaring the property as nullable. [C:\Users\IT\source\repos\Nashra\src\Modules\ApiKeys\SportsData.Modules.ApiKeys.csproj]
C:\Users\IT\source\repos\Nashra\src\Modules\ApiKeys\Domain\ApiUsageLog.cs(14,17): warning CS8618: Non-nullable property 'Method' must contain a non-null value when exiting constructor. Consider adding the 'required' modifier or declaring the property as nullable. [C:\Users\IT\source\repos\Nashra\src\Modules\ApiKeys\SportsData.Modules.ApiKeys.csproj]
C:\Users\IT\source\repos\Nashra\src\Modules\ApiKeys\Domain\ApiKey.cs(19,17): warning CS8618: Non-nullable property 'KeyHash' must contain a non-null value when exiting constructor. Consider adding the 'required' modifier or declaring the property as nullable. [C:\Users\IT\source\repos\Nashra\src\Modules\ApiKeys\SportsData.Modules.ApiKeys.csproj]
C:\Users\IT\source\repos\Nashra\src\Modules\ApiKeys\Domain\ApiKey.cs(19,17): warning CS8618: Non-nullable property 'Name' must contain a non-null value when exiting constructor. Consider adding the 'required' modifier or declaring the property as nullable. [C:\Users\IT\source\repos\Nashra\src\Modules\ApiKeys\SportsData.Modules.ApiKeys.csproj]
C:\Users\IT\source\repos\Nashra\src\Modules\ApiKeys\Presentation\ApiKeysEndpoints.cs(37,23): error CS0305: Using the generic type 'Envelope<T>' requires 1 type arguments [C:\Users\IT\source\repos\Nashra\src\Modules\ApiKeys\SportsData.Modules.ApiKeys.csproj]
C:\Users\IT\source\repos\Nashra\src\Modules\ApiKeys\Presentation\ApiKeysEndpoints.cs(61,23): error CS0305: Using the generic type 'Envelope<T>' requires 1 type arguments [C:\Users\IT\source\repos\Nashra\src\Modules\ApiKeys\SportsData.Modules.ApiKeys.csproj]
C:\Users\IT\source\repos\Nashra\src\Modules\ApiKeys\Presentation\ApiKeysEndpoints.cs(73,23): error CS0305: Using the generic type 'Envelope<T>' requires 1 type arguments [C:\Users\IT\source\repos\Nashra\src\Modules\ApiKeys\SportsData.Modules.ApiKeys.csproj]
C:\Users\IT\source\repos\Nashra\src\Modules\ApiKeys\Presentation\ApiKeysEndpoints.cs(74,23): error CS0305: Using the generic type 'Envelope<T>' requires 1 type arguments [C:\Users\IT\source\repos\Nashra\src\Modules\ApiKeys\SportsData.Modules.ApiKeys.csproj]
C:\Users\IT\source\repos\Nashra\src\Modules\ApiKeys\Presentation\ApiKeysEndpoints.cs(87,23): error CS0305: Using the generic type 'Envelope<T>' requires 1 type arguments [C:\Users\IT\source\repos\Nashra\src\Modules\ApiKeys\SportsData.Modules.ApiKeys.csproj]
C:\Users\IT\source\repos\Nashra\src\Modules\ApiKeys\Infrastructure\Repositories\ApiKeyRepository.cs(78,27): warning CS1998: This async method lacks 'await' operators and will run synchronously. Consider using the 'await' operator to await non-blocking API calls, or 'await Task.Run(...)' to do CPU-bound work on a background thread. [C:\Users\IT\source\repos\Nashra\src\Modules\ApiKeys\SportsData.Modules.ApiKeys.csproj]
C:\Users\IT\source\repos\Nashra\src\Modules\ApiKeys\Middleware\ApiKeyValidationMiddleware.cs(92,13): warning ASP0019: Use IHeaderDictionary.Append or the indexer to append or set headers. IDictionary.Add will throw an ArgumentException when attempting to add a duplicate key. (https://aka.ms/aspnet/analyzers) [C:\Users\IT\source\repos\Nashra\src\Modules\ApiKeys\SportsData.Modules.ApiKeys.csproj]
C:\Users\IT\source\repos\Nashra\src\Modules\ApiKeys\Middleware\ApiKeyValidationMiddleware.cs(93,13): warning ASP0019: Use IHeaderDictionary.Append or the indexer to append or set headers. IDictionary.Add will throw an ArgumentException when attempting to add a duplicate key. (https://aka.ms/aspnet/analyzers) [C:\Users\IT\source\repos\Nashra\src\Modules\ApiKeys\SportsData.Modules.ApiKeys.csproj]
C:\Users\IT\source\repos\Nashra\src\Modules\ApiKeys\Middleware\ApiKeyValidationMiddleware.cs(94,13): warning ASP0019: Use IHeaderDictionary.Append or the indexer to append or set headers. IDictionary.Add will throw an ArgumentException when attempting to add a duplicate key. (https://aka.ms/aspnet/analyzers) [C:\Users\IT\source\repos\Nashra\src\Modules\ApiKeys\SportsData.Modules.ApiKeys.csproj]
C:\Users\IT\source\repos\Nashra\src\Modules\ApiKeys\Middleware\ApiKeyValidationMiddleware.cs(95,13): warning ASP0019: Use IHeaderDictionary.Append or the indexer to append or set headers. IDictionary.Add will throw an ArgumentException when attempting to add a duplicate key. (https://aka.ms/aspnet/analyzers) [C:\Users\IT\source\repos\Nashra\src\Modules\ApiKeys\SportsData.Modules.ApiKeys.csproj]

Build FAILED.

C:\Users\IT\source\repos\Nashra\src\Modules\ApiKeys\Domain\ApiUsageLog.cs(14,17): warning CS8618: Non-nullable property 'Endpoint' must contain a non-null value when exiting constructor. Consider adding the 'required' modifier or declaring the property as nullable. [C:\Users\IT\source\repos\Nashra\src\Modules\ApiKeys\SportsData.Modules.ApiKeys.csproj]
C:\Users\IT\source\repos\Nashra\src\Modules\ApiKeys\Domain\ApiUsageLog.cs(14,17): warning CS8618: Non-nullable property 'Method' must contain a non-null value when exiting constructor. Consider adding the 'required' modifier or declaring the property as nullable. [C:\Users\IT\source\repos\Nashra\src\Modules\ApiKeys\SportsData.Modules.ApiKeys.csproj]
C:\Users\IT\source\repos\Nashra\src\Modules\ApiKeys\Domain\ApiKey.cs(19,17): warning CS8618: Non-nullable property 'KeyHash' must contain a non-null value when exiting constructor. Consider adding the 'required' modifier or declaring the property as nullable. [C:\Users\IT\source\repos\Nashra\src\Modules\ApiKeys\SportsData.Modules.ApiKeys.csproj]
C:\Users\IT\source\repos\Nashra\src\Modules\ApiKeys\Domain\ApiKey.cs(19,17): warning CS8618: Non-nullable property 'Name' must contain a non-null value when exiting constructor. Consider adding the 'required' modifier or declaring the property as nullable. [C:\Users\IT\source\repos\Nashra\src\Modules\ApiKeys\SportsData.Modules.ApiKeys.csproj]
C:\Users\IT\source\repos\Nashra\src\Modules\ApiKeys\Infrastructure\Repositories\ApiKeyRepository.cs(78,27): warning CS1998: This async method lacks 'await' operators and will run synchronously. Consider using the 'await' operator to await non-blocking API calls, or 'await Task.Run(...)' to do CPU-bound work on a background thread. [C:\Users\IT\source\repos\Nashra\src\Modules\ApiKeys\SportsData.Modules.ApiKeys.csproj]
C:\Users\IT\source\repos\Nashra\src\Modules\ApiKeys\Middleware\ApiKeyValidationMiddleware.cs(92,13): warning ASP0019: Use IHeaderDictionary.Append or the indexer to append or set headers. IDictionary.Add will throw an ArgumentException when attempting to add a duplicate key. (https://aka.ms/aspnet/analyzers) [C:\Users\IT\source\repos\Nashra\src\Modules\ApiKeys\SportsData.Modules.ApiKeys.csproj]
C:\Users\IT\source\repos\Nashra\src\Modules\ApiKeys\Middleware\ApiKeyValidationMiddleware.cs(93,13): warning ASP0019: Use IHeaderDictionary.Append or the indexer to append or set headers. IDictionary.Add will throw an ArgumentException when attempting to add a duplicate key. (https://aka.ms/aspnet/analyzers) [C:\Users\IT\source\repos\Nashra\src\Modules\ApiKeys\SportsData.Modules.ApiKeys.csproj]
C:\Users\IT\source\repos\Nashra\src\Modules\ApiKeys\Middleware\ApiKeyValidationMiddleware.cs(94,13): warning ASP0019: Use IHeaderDictionary.Append or the indexer to append or set headers. IDictionary.Add will throw an ArgumentException when attempting to add a duplicate key. (https://aka.ms/aspnet/analyzers) [C:\Users\IT\source\repos\Nashra\src\Modules\ApiKeys\SportsData.Modules.ApiKeys.csproj]
C:\Users\IT\source\repos\Nashra\src\Modules\ApiKeys\Middleware\ApiKeyValidationMiddleware.cs(95,13): warning ASP0019: Use IHeaderDictionary.Append or the indexer to append or set headers. IDictionary.Add will throw an ArgumentException when attempting to add a duplicate key. (https://aka.ms/aspnet/analyzers) [C:\Users\IT\source\repos\Nashra\src\Modules\ApiKeys\SportsData.Modules.ApiKeys.csproj]
C:\Users\IT\source\repos\Nashra\src\Modules\ApiKeys\Presentation\ApiKeysEndpoints.cs(37,23): error CS0305: Using the generic type 'Envelope<T>' requires 1 type arguments [C:\Users\IT\source\repos\Nashra\src\Modules\ApiKeys\SportsData.Modules.ApiKeys.csproj]
C:\Users\IT\source\repos\Nashra\src\Modules\ApiKeys\Presentation\ApiKeysEndpoints.cs(61,23): error CS0305: Using the generic type 'Envelope<T>' requires 1 type arguments [C:\Users\IT\source\repos\Nashra\src\Modules\ApiKeys\SportsData.Modules.ApiKeys.csproj]
C:\Users\IT\source\repos\Nashra\src\Modules\ApiKeys\Presentation\ApiKeysEndpoints.cs(73,23): error CS0305: Using the generic type 'Envelope<T>' requires 1 type arguments [C:\Users\IT\source\repos\Nashra\src\Modules\ApiKeys\SportsData.Modules.ApiKeys.csproj]
C:\Users\IT\source\repos\Nashra\src\Modules\ApiKeys\Presentation\ApiKeysEndpoints.cs(74,23): error CS0305: Using the generic type 'Envelope<T>' requires 1 type arguments [C:\Users\IT\source\repos\Nashra\src\Modules\ApiKeys\SportsData.Modules.ApiKeys.csproj]
C:\Users\IT\source\repos\Nashra\src\Modules\ApiKeys\Presentation\ApiKeysEndpoints.cs(87,23): error CS0305: Using the generic type 'Envelope<T>' requires 1 type arguments [C:\Users\IT\source\repos\Nashra\src\Modules\ApiKeys\SportsData.Modules.ApiKeys.csproj]
    9 Warning(s)
    5 Error(s)

Time Elapsed 00:00:01.38
